<html>
<body>
<pre>
<h1>킮ision Build Log</h1>
<h2>Tool Versions:</h2>
IDE-Version: μVision V5.29.0.0
Copyright (C) 2019 ARM Ltd and ARM Germany GmbH. All rights reserved.
License Information: yunseok shin, kwangwoon University, LIC=----
 
Tool Versions:
Toolchain:       MDK-Lite  Version: 5.29.0.0
Toolchain Path:  C:\Keil_v5\ARM\ARMCC\Bin
C Compiler:      Armcc.exe V5.06 update 6 (build 750)
Assembler:       Armasm.exe V5.06 update 6 (build 750)
Linker/Locator:  ArmLink.exe V5.06 update 6 (build 750)
Library Manager: ArmAr.exe V5.06 update 6 (build 750)
Hex Converter:   FromElf.exe V5.06 update 6 (build 750)
CPU DLL:         SARM.DLL V5.29.0.0
Dialog DLL:      DARMP3.DLL
Target DLL:      UL2ARM.DLL V1.74.10.0
Dialog DLL:      TARMP3.DLL V1.4.0.0
 
<h2>Project:</h2>
C:\Users\shin\Documents\어셈블리프로그래밍실습\Term_project\Term_Project.uvproj
Project File Date:  11/24/2022

<h2>Output:</h2>
*** Using Compiler 'V5.06 update 6 (build 750)', folder: 'C:\Keil_v5\ARM\ARMCC\Bin'
Rebuild target 'Target 1'
assembling Term_project.s...
Term_project.s(164): warning: A1608W: MOV pc,<rn> instruction used, but BX <rn> is preferred
Term_project.s(192): warning: A1608W: MOV pc,<rn> instruction used, but BX <rn> is preferred
Term_project.s(245): warning: A1608W: MOV pc,<rn> instruction used, but BX <rn> is preferred
Term_project.s(257): warning: A1608W: MOV pc,<rn> instruction used, but BX <rn> is preferred
linking...
Program Size: Code=2672 RO-data=0 RW-data=0 ZI-data=0  
".\Objects\Term_Project.axf" - 0 Error(s), 4 Warning(s).
Build Time Elapsed:  00:00:00
</pre>
</body>
</html>
